<html>
Hi there bob test city'
<br>
'Micro Mail'
<br>
<b> 'code@firstandthird.com'
<br>
toName: 'bob smith'
<br>
