<style>
  div {
    color:"red";
  }
</style>
<div id="testDiv">
</div>
